// Jest Snapshot v1, https://goo.gl/fbAQLP

exports[`Input renders correctly 1`] = `
<TextInput
  accessibilityLabel="username"
  allowFontScaling={true}
  onChangeText={[MockFunction]}
  rejectResponderTermination={true}
  style={
    Array [
      Object {
        "color": "#353434",
        "paddingBottom": 4,
        "paddingLeft": 0,
        "paddingRight": 0,
        "paddingTop": 4,
        "width": "100%",
      },
    ]
  }
  themeName="light"
  underlineColorAndroid="transparent"
/>
`;
